// Vitest Snapshot v1, https://vitest.dev/guide/snapshot.html

exports[`seed order is untouched by the frequency pass > de word order matches the pinned snapshot 1`] = `
[
  "Wasser",
  "essen",
  "trinken",
  "gehen",
  "kommen",
  "sehen",
  "hören",
  "sprechen",
  "lesen",
  "schreiben",
  "kaufen",
  "Mann",
  "Frau",
  "Kind",
  "Haus",
  "Wohnung",
  "Zimmer",
  "Stadt",
  "Bahnhof",
  "Zug",
  "Auto",
  "Straße",
  "Arbeit",
  "Schule",
  "Lehrer",
  "Freund",
  "Familie",
  "Mutter",
  "Vater",
  "Brot",
  "Käse",
  "Apfel",
  "Milch",
  "Kaffee",
  "Bier",
  "groß",
  "klein",
  "neu",
  "alt",
  "teuer",
  "billig",
  "heiß",
  "kalt",
  "gut",
  "schlecht",
  "schön",
  "heute",
  "morgen",
  "gestern",
  "jetzt",
  "Zeit",
  "Tag",
  "Woche",
  "Jahr",
  "Morgen",
  "Nacht",
  "Geld",
  "Name",
  "sagen",
  "verstehen",
  "wissen",
  "machen",
  "arbeiten",
  "warten",
  "treffen",
  "schlafen",
  "wohnen",
  "fahren",
  "lernen",
  "spielen",
  "helfen",
  "brauchen",
  "Buch",
  "Film",
  "Musik",
  "Wetter",
  "Hund",
  "Katze",
  "Tisch",
  "Stuhl",
  "Tür",
  "Fenster",
  "Hand",
  "Kopf",
  "Auge",
  "Land",
  "Sprache",
  "Wort",
  "Frage",
  "Antwort",
  "Telefon",
  "ein bisschen",
  "viel",
  "sehr",
  "immer",
  "nie",
  "hier",
  "wo",
  "warum",
  "vielleicht",
  "zusammen",
  "heißen",
  "Entschuldigung",
  "bitte",
  "danke",
  "tschüss",
  "Junge",
  "Mädchen",
  "Bruder",
  "Schwester",
  "Eltern",
  "Brötchen",
  "Tee",
  "Saft",
  "Obst",
  "Gemüse",
  "Frühstück",
  "Mittagessen",
  "Hunger",
  "lecker",
  "Rechnung",
  "bezahlen",
  "kosten",
  "Supermarkt",
  "Bäckerei",
  "Geschäft",
  "einkaufen",
  "Uhr",
  "Termin",
  "aufstehen",
  "anrufen",
  "Arzt",
  "krank",
  "müde",
  "Bus",
  "Fahrrad",
  "Flughafen",
  "links",
  "rechts",
  "geradeaus",
  "gern",
  "Wochenende",
  "Bescheid",
  "Trinkgeld",
  "Erfahrung",
  "Meinung",
  "Entscheidung",
  "Möglichkeit",
  "Gesundheit",
  "Umwelt",
  "Gesellschaft",
  "Zukunft",
  "Vergangenheit",
  "Bewerbung",
  "Stelle",
  "Gehalt",
  "Verabredung",
  "Nachricht",
  "Ausflug",
  "Gebühr",
  "Versicherung",
  "Vertrag",
  "wichtig",
  "möglich",
  "nötig",
  "erlaubt",
  "zufrieden",
  "aufgeregt",
  "erfolgreich",
  "gefährlich",
  "empfehlen",
  "erklären",
  "entscheiden",
  "vergleichen",
  "verbessern",
  "wiederholen",
  "sich freuen",
  "sich treffen",
  "sich erinnern",
  "sich interessieren",
  "teilnehmen",
  "stattfinden",
  "umziehen",
  "kündigen",
  "Prüfung",
  "Führerschein",
  "Miete",
  "Nachbar",
  "Ausland",
  "Grenze",
  "Erlebnis",
  "Ratschlag",
  "Wetterbericht",
  "Verspätung",
  "Anmeldung",
  "Quittung",
  "Ermäßigung",
  "Aufenthalt",
  "Umgebung",
  "deutlich",
  "pünktlich",
  "neugierig",
  "höflich",
  "anstrengend",
  "ausreichend",
  "vermeiden",
  "erreichen",
  "besichtigen",
  "sich beschweren",
  "verpassen",
  "ich",
  "sie",
  "nicht",
  "es",
  "und",
  "der",
  "wir",
  "was",
  "zu",
  "er",
  "in",
  "ja",
  "mit",
  "wie",
  "auf",
  "aber",
  "so",
  "haben",
  "für",
  "von",
  "dich",
  "nein",
  "an",
  "noch",
  "nur",
  "da",
  "dir",
  "sich",
  "auch",
  "schon",
  "sein",
  "dann",
  "aus",
  "um",
  "mein",
  "oder",
  "nach",
  "nichts",
  "man",
  "werden",
  "mehr",
  "bei",
  "also",
  "vor",
  "können",
  "denn",
  "tun",
  "wer",
  "über",
  "müssen",
  "kein",
  "einfach",
  "leben",
  "wollen",
  "bis",
  "zurück",
  "hallo",
  "klar",
  "ab",
  "gerade",
  "durch",
  "besser",
  "ohne",
  "finden",
  "lange",
  "dort",
  "weiter",
  "geben",
  "seit",
  "gleich",
  "richtig",
  "Ordnung",
  "sollen",
  "bleiben",
  "Welt",
  "unter",
  "schnell",
  "tot",
  "nehmen",
  "glauben",
  "bringen",
  "gegen",
  "Moment",
  "fragen",
  "Herr",
  "sofort",
  "einmal",
  "Problem",
  "Sohn",
  "wann",
  "fertig",
  "allein",
  "beide",
  "Hilfe",
  "halten",
  "Dank",
  "lieber",
  "kennen",
  "Baby",
  "bekommen",
  "später",
  "Glück",
  "Ende",
  "bald",
  "weit",
  "bisschen",
  "Polizei",
  "stehen",
  "draußen",
  "gerne",
  "Tochter",
  "ruhig",
  "spät",
  "kurz",
  "suchen",
  "woher",
  "lang",
  "Job",
  "oben",
  "schwer",
  "wenig",
  "holen",
  "hoch",
  "Alter",
  "gefallen",
  "Ort",
  "zwischen",
  "erzählen",
  "entschuldigen",
  "Bett",
  "euer",
  "unten",
  "Teil",
  "Mensch",
  "stellen",
  "oft",
  "kriegen",
  "glücklich",
  "Wiedersehen",
  "frei",
  "Platz",
  "falsch",
  "Nummer",
  "früher",
  "wohin",
  "dürfen",
  "willkommen",
  "Plan",
  "Fehler",
  "Pass",
  "dass",
  "wenn",
  "als",
  "doch",
  "etwas",
  "wieder",
  "wirklich",
  "Weg",
  "weil",
  "ganz",
  "sicher",
  "lassen",
  "meinen",
  "genau",
  "reden",
  "jemand",
  "Paar",
  "selbst",
  "natürlich",
  "wegen",
  "Angst",
  "erst",
  "genug",
  "sonst",
  "niemand",
  "Sache",
  "jeder",
  "darüber",
  "wahr",
  "denken",
  "egal",
  "vergessen",
  "echt",
  "eigentlich",
  "darauf",
  "toll",
  "Ahnung",
  "sterben",
  "fast",
  "vorbei",
  "hinter",
  "Idee",
  "sogar",
  "Ruhe",
  "versuchen",
  "endlich",
  "anders",
  "Geschichte",
  "nett",
  "deshalb",
  "Wagen",
  "Spaß",
  "zeigen",
  "manchmal",
  "Seite",
  "Spiel",
  "Freundin",
  "Gesicht",
  "Ding",
  "wen",
  "Fest",
  "außer",
  "früh",
  "setzen",
  "zuerst",
  "wahrscheinlich",
  "nächste",
  "Menge",
  "Büro",
  "schaffen",
  "voll",
  "überall",
  "direkt",
  "Schiff",
  "wem",
  "nennen",
  "erinnern",
  "verlieren",
  "froh",
  "rufen",
  "super",
  "total",
  "damals",
  "Stück",
  "Himmel",
  "drüben",
  "kümmern",
  "Rest",
  "passieren",
  "Körper",
  "hart",
  "außerdem",
  "verletzt",
  "ändern",
  "tragen",
  "wenigstens",
  "vorsichtig",
  "stark",
  "besonders",
  "Person",
  "fühlen",
  "schlimm",
  "Team",
  "vorher",
  "fallen",
  "Nähe",
  "plötzlich",
  "komisch",
  "dumm",
  "Traum",
  "Ziel",
  "welcher",
  "offen",
  "süß",
  "wach",
  "hoffentlich",
  "ansehen",
  "unbedingt",
  "Unfall",
  "tief",
  "lügen",
  "Witz",
  "neben",
  "Rücken",
  "schrecklich",
  "Pferd",
  "sauer",
  "Kirche",
  "reich",
  "traurig",
  "schade",
  "Gericht",
  "singen",
  "Kontakt",
  "gegenüber",
  "Lust",
  "witzig",
  "Besuch",
  "interessant",
  "sauber",
  "nervös",
  "Hals",
  "passen",
  "teilen",
  "Situation",
  "Kamera",
]
`;

exports[`seed order is untouched by the frequency pass > ja word order matches the pinned snapshot 1`] = `
[
  "水",
  "食べる",
  "飲む",
  "行く",
  "来る",
  "見る",
  "聞く",
  "話す",
  "読む",
  "書く",
  "買う",
  "人",
  "日本",
  "今日",
  "明日",
  "昨日",
  "時間",
  "学校",
  "先生",
  "学生",
  "友だち",
  "家",
  "駅",
  "電車",
  "車",
  "猫",
  "犬",
  "大きい",
  "小さい",
  "新しい",
  "古い",
  "高い",
  "安い",
  "暑い",
  "寒い",
  "おいしい",
  "好き",
  "何",
  "今",
  "朝",
  "夜",
  "雨",
  "お金",
  "仕事",
  "名前",
  "言う",
  "分かる",
  "知る",
  "作る",
  "使う",
  "待つ",
  "会う",
  "寝る",
  "起きる",
  "帰る",
  "入る",
  "出る",
  "休む",
  "勉強",
  "魚",
  "肉",
  "野菜",
  "お茶",
  "店",
  "部屋",
  "本",
  "映画",
  "音楽",
  "天気",
  "元気",
  "忙しい",
  "楽しい",
  "難しい",
  "簡単",
  "面白い",
  "一",
  "二",
  "三",
  "百",
  "千",
  "上",
  "下",
  "中",
  "外",
  "前",
  "後ろ",
  "右",
  "左",
  "ここ",
  "どこ",
  "私",
  "手",
  "目",
  "口",
  "頭",
  "国",
  "言葉",
  "写真",
  "電話",
  "少し",
  "たくさん",
  "とても",
  "毎日",
  "山",
  "川",
  "海",
  "空",
  "花",
  "白い",
  "黒い",
  "赤い",
  "青い",
  "子ども",
  "男の人",
  "女の人",
  "母",
  "父",
  "食べ物",
  "飲み物",
  "ご飯",
  "週末",
  "今週",
  "来週",
  "去年",
  "走る",
  "泳ぐ",
  "歩く",
  "座る",
  "教える",
  "覚える",
  "忘れる",
  "始まる",
  "終わる",
  "疲れる",
  "病気",
  "薬",
  "痛い",
  "休み",
  "急ぐ",
  "運ぶ",
  "運転",
  "試験",
  "説明",
  "約束",
  "準備",
  "経験",
  "興味",
  "理由",
  "表現",
  "文化",
  "歴史",
  "経済",
  "政治",
  "社会",
  "関係",
  "原因",
  "結果",
  "目的",
  "方法",
  "機会",
  "違う",
  "比べる",
  "決める",
  "集める",
  "調べる",
  "続ける",
  "届ける",
  "変える",
  "増える",
  "足りる",
  "困る",
  "驚く",
  "怒る",
  "笑う",
  "泣く",
  "楽しみ",
  "親切",
  "危険",
  "複雑",
  "大切",
  "必要",
  "十分",
  "特別",
  "自由",
  "最近",
  "将来",
  "以上",
  "最初",
  "最後",
  "字",
  "味",
  "匂い",
  "音",
  "声",
  "力",
  "間違える",
  "手伝う",
  "取る",
  "探す",
  "連れる",
  "眠い",
  "寂しい",
  "怖い",
  "うれしい",
  "悲しい",
  "優しい",
  "する",
  "居る",
  "要る",
  "など",
  "年",
  "ある",
  "この",
  "なる",
  "できる",
  "その",
  "万",
  "また",
  "これ",
  "ほか",
  "後",
  "ページ",
  "それ",
  "でも",
  "自分",
  "ニュース",
  "会社",
  "方",
  "問題",
  "多い",
  "同じ",
  "大きな",
  "しかし",
  "どう",
  "先",
  "所",
  "テレビ",
  "初めて",
  "次",
  "ください",
  "話",
  "カメラ",
  "銀行",
  "今年",
  "色",
  "体",
  "午前",
  "持つ",
  "町",
  "よく",
  "あれ",
  "もう",
  "どの",
  "近く",
  "家族",
  "夏",
  "誰",
  "一緒",
  "便利",
  "ボタン",
  "物",
  "あなた",
  "まだ",
  "男",
  "初め",
  "午後",
  "料理",
  "そこ",
  "もっと",
  "英語",
  "こちら",
  "一つ",
  "旅行",
  "病院",
  "あまり",
  "かかる",
  "自動車",
  "メートル",
  "強い",
  "意味",
  "紙",
  "結婚",
  "南",
  "少ない",
  "ホテル",
  "いくつ",
  "こんな",
  "ちょっと",
  "テスト",
  "質問",
  "なぜ",
  "十",
  "大人",
  "ノート",
  "外国",
  "村",
  "いつ",
  "どちら",
  "建物",
  "近い",
  "いろいろ",
  "家庭",
  "木",
  "道",
  "クラス",
  "冬",
  "女の子",
  "横",
  "白",
  "新聞",
  "風",
  "低い",
  "入れる",
  "春",
  "どれ",
  "ラジオ",
  "地図",
  "来年",
  "番号",
  "電気",
  "バス",
  "レストラン",
  "大学",
  "早い",
  "箱",
  "長い",
  "今月",
  "動物",
  "半",
  "秋",
  "みんな",
  "東",
  "皆さん",
  "自転車",
  "雑誌",
  "コピーする",
  "出す",
  "授業",
  "カレンダー",
  "タクシー",
  "パン",
  "欲しい",
  "毎年",
  "足",
  "いつも",
  "かける",
  "では",
  "先週",
  "悪い",
  "掃除",
  "時計",
  "毎月",
  "生徒",
  "黒",
  "カップ",
  "スポーツ",
  "こと",
  "日",
  "利用",
  "場合",
  "予定",
  "市",
  "紹介",
  "世界",
  "技術",
  "寄る",
  "点",
  "用",
  "億",
  "そう",
  "米",
  "女性",
  "間",
  "事故",
  "ほど",
  "用意",
  "行う",
  "研究",
  "放送",
  "番組",
  "場所",
  "気",
  "うち",
  "もちろん",
  "男性",
  "社長",
  "ソフト",
  "以下",
  "地震",
  "パソコン",
  "タイプ",
  "生活",
  "そんな",
  "時代",
  "計画",
  "安全",
  "別",
  "思う",
  "形",
  "特に",
  "くれる",
  "暮れる",
  "生産",
  "心",
  "注意",
  "以外",
  "倍",
  "まず",
  "光",
  "国際",
  "都",
  "プレゼント",
  "会場",
  "線",
  "相談",
  "例えば",
  "しっかり",
  "意見",
  "はず",
  "ほとんど",
  "必ず",
  "気持ち",
  "会議",
  "僕",
  "教育",
  "これから",
  "予約",
  "普通",
  "考える",
  "食事",
  "工場",
  "彼",
  "産業",
  "続く",
  "または",
  "客",
  "席",
  "科学",
  "見える",
  "以内",
  "安心",
  "選ぶ",
  "事務所",
  "部長",
  "こう",
  "ちゃん",
  "島",
  "熱",
  "高校",
  "もらう",
  "始める",
  "星",
  "子",
  "いただく",
  "反対",
  "夫",
  "失敗",
  "彼女",
  "急",
  "案内",
  "ぜひ",
  "ガス",
  "空港",
  "つき",
  "アメリカ",
  "テキスト",
  "受ける",
  "壁",
  "夢",
  "火",
  "空気",
  "表",
  "運動",
  "妻",
  "娘",
  "小説",
  "競争",
  "葉",
  "連絡",
  "中々",
  "アジア",
  "ビル",
  "代わり",
  "卒業",
  "受付",
  "大事",
  "残念",
  "美しい",
  "進む",
  "いっぱい",
  "入院",
  "警察",
  "輸出",
  "それほど",
  "だから",
  "つもり",
  "どんどん",
  "もっとも",
  "ガラス",
  "両方",
  "割合",
  "厳しい",
  "心配",
  "試合",
  "もし",
  "チェックする",
]
`;
