// Vitest Snapshot v1, https://vitest.dev/guide/snapshot.html

exports[`seed order is untouched by the frequency pass > de word order matches the pinned snapshot 1`] = `
[
  "Wasser",
  "essen",
  "trinken",
  "gehen",
  "kommen",
  "sehen",
  "hören",
  "sprechen",
  "lesen",
  "schreiben",
  "kaufen",
  "Mann",
  "Frau",
  "Kind",
  "Haus",
  "Wohnung",
  "Zimmer",
  "Stadt",
  "Bahnhof",
  "Zug",
  "Auto",
  "Straße",
  "Arbeit",
  "Schule",
  "Lehrer",
  "Freund",
  "Familie",
  "Mutter",
  "Vater",
  "Brot",
  "Käse",
  "Apfel",
  "Milch",
  "Kaffee",
  "Bier",
  "groß",
  "klein",
  "neu",
  "alt",
  "teuer",
  "billig",
  "heiß",
  "kalt",
  "gut",
  "schlecht",
  "schön",
  "heute",
  "morgen",
  "gestern",
  "jetzt",
  "Zeit",
  "Tag",
  "Woche",
  "Jahr",
  "Morgen",
  "Nacht",
  "Geld",
  "Name",
  "sagen",
  "verstehen",
  "wissen",
  "machen",
  "arbeiten",
  "warten",
  "treffen",
  "schlafen",
  "wohnen",
  "fahren",
  "lernen",
  "spielen",
  "helfen",
  "brauchen",
  "Buch",
  "Film",
  "Musik",
  "Wetter",
  "Hund",
  "Katze",
  "Tisch",
  "Stuhl",
  "Tür",
  "Fenster",
  "Hand",
  "Kopf",
  "Auge",
  "Land",
  "Sprache",
  "Wort",
  "Frage",
  "Antwort",
  "Telefon",
  "ein bisschen",
  "viel",
  "sehr",
  "immer",
  "nie",
  "hier",
  "wo",
  "warum",
  "vielleicht",
  "zusammen",
  "heißen",
  "Entschuldigung",
  "bitte",
  "danke",
  "tschüss",
  "Junge",
  "Mädchen",
  "Bruder",
  "Schwester",
  "Eltern",
  "Brötchen",
  "Tee",
  "Saft",
  "Obst",
  "Gemüse",
  "Frühstück",
  "Mittagessen",
  "Hunger",
  "lecker",
  "Rechnung",
  "bezahlen",
  "kosten",
  "Supermarkt",
  "Bäckerei",
  "Geschäft",
  "einkaufen",
  "Uhr",
  "Termin",
  "aufstehen",
  "anrufen",
  "Arzt",
  "krank",
  "müde",
  "Bus",
  "Fahrrad",
  "Flughafen",
  "links",
  "rechts",
  "geradeaus",
  "gern",
  "Wochenende",
  "Bescheid",
  "Trinkgeld",
  "Erfahrung",
  "Meinung",
  "Entscheidung",
  "Möglichkeit",
  "Gesundheit",
  "Umwelt",
  "Gesellschaft",
  "Zukunft",
  "Vergangenheit",
  "Bewerbung",
  "Stelle",
  "Gehalt",
  "Verabredung",
  "Nachricht",
  "Ausflug",
  "Gebühr",
  "Versicherung",
  "Vertrag",
  "wichtig",
  "möglich",
  "nötig",
  "erlaubt",
  "zufrieden",
  "aufgeregt",
  "erfolgreich",
  "gefährlich",
  "empfehlen",
  "erklären",
  "entscheiden",
  "vergleichen",
  "verbessern",
  "wiederholen",
  "sich freuen",
  "sich treffen",
  "sich erinnern",
  "sich interessieren",
  "teilnehmen",
  "stattfinden",
  "umziehen",
  "kündigen",
  "Prüfung",
  "Führerschein",
  "Miete",
  "Nachbar",
  "Ausland",
  "Grenze",
  "Erlebnis",
  "Ratschlag",
  "Wetterbericht",
  "Verspätung",
  "Anmeldung",
  "Quittung",
  "Ermäßigung",
  "Aufenthalt",
  "Umgebung",
  "deutlich",
  "pünktlich",
  "neugierig",
  "höflich",
  "anstrengend",
  "ausreichend",
  "vermeiden",
  "erreichen",
  "besichtigen",
  "sich beschweren",
  "verpassen",
]
`;

exports[`seed order is untouched by the frequency pass > ja word order matches the pinned snapshot 1`] = `
[
  "水",
  "食べる",
  "飲む",
  "行く",
  "来る",
  "見る",
  "聞く",
  "話す",
  "読む",
  "書く",
  "買う",
  "人",
  "日本",
  "今日",
  "明日",
  "昨日",
  "時間",
  "学校",
  "先生",
  "学生",
  "友だち",
  "家",
  "駅",
  "電車",
  "車",
  "猫",
  "犬",
  "大きい",
  "小さい",
  "新しい",
  "古い",
  "高い",
  "安い",
  "暑い",
  "寒い",
  "おいしい",
  "好き",
  "何",
  "今",
  "朝",
  "夜",
  "雨",
  "お金",
  "仕事",
  "名前",
  "言う",
  "分かる",
  "知る",
  "作る",
  "使う",
  "待つ",
  "会う",
  "寝る",
  "起きる",
  "帰る",
  "入る",
  "出る",
  "休む",
  "勉強",
  "魚",
  "肉",
  "野菜",
  "お茶",
  "店",
  "部屋",
  "本",
  "映画",
  "音楽",
  "天気",
  "元気",
  "忙しい",
  "楽しい",
  "難しい",
  "簡単",
  "面白い",
  "一",
  "二",
  "三",
  "百",
  "千",
  "上",
  "下",
  "中",
  "外",
  "前",
  "後ろ",
  "右",
  "左",
  "ここ",
  "どこ",
  "私",
  "手",
  "目",
  "口",
  "頭",
  "国",
  "言葉",
  "写真",
  "電話",
  "少し",
  "たくさん",
  "とても",
  "毎日",
  "山",
  "川",
  "海",
  "空",
  "花",
  "白い",
  "黒い",
  "赤い",
  "青い",
  "子ども",
  "男の人",
  "女の人",
  "母",
  "父",
  "食べ物",
  "飲み物",
  "ご飯",
  "週末",
  "今週",
  "来週",
  "去年",
  "走る",
  "泳ぐ",
  "歩く",
  "座る",
  "教える",
  "覚える",
  "忘れる",
  "始まる",
  "終わる",
  "疲れる",
  "病気",
  "薬",
  "痛い",
  "休み",
  "急ぐ",
  "運ぶ",
  "運転",
  "試験",
  "説明",
  "約束",
  "準備",
  "経験",
  "興味",
  "理由",
  "表現",
  "文化",
  "歴史",
  "経済",
  "政治",
  "社会",
  "関係",
  "原因",
  "結果",
  "目的",
  "方法",
  "機会",
  "違う",
  "比べる",
  "決める",
  "集める",
  "調べる",
  "続ける",
  "届ける",
  "変える",
  "増える",
  "足りる",
  "困る",
  "驚く",
  "怒る",
  "笑う",
  "泣く",
  "楽しみ",
  "親切",
  "危険",
  "複雑",
  "大切",
  "必要",
  "十分",
  "特別",
  "自由",
  "最近",
  "将来",
  "以上",
  "最初",
  "最後",
  "字",
  "味",
  "匂い",
  "音",
  "声",
  "力",
  "間違える",
  "手伝う",
  "取る",
  "探す",
  "連れる",
  "眠い",
  "寂しい",
  "怖い",
  "うれしい",
  "悲しい",
  "優しい",
]
`;
